// Jest Snapshot v1, https://goo.gl/fbAQLP

exports[`Google Map Component should render a Google Map 1`] = `
<div>
  <div
    style="height: 400px; width: 100%;"
  >
    <div
      style="width: 100%; height: 100%; margin: 0px; padding: 0px; position: relative;"
    >
      <div
        style="width: 100%; height: 100%; left: 0px; top: 0px; margin: 0px; padding: 0px; position: absolute;"
      />
      <div
        style="width: 50%; height: 50%; left: 50%; top: 50%; margin: 0px; padding: 0px; position: absolute;"
      >
        <div
          style="width: 100%; height: 100%; left: 0px; top: 0px; margin: 0px; padding: 0px; position: absolute;"
        >
          <div
            style="width: 0px; height: 0px; left: 0px; top: 0px; background-color: transparent; position: absolute;"
          >
            <div
              style="color: white; font-size: 21px;"
            >
              <i
                aria-hidden="true"
                class="fa fa-map-marker"
              />
            </div>
          </div>
        </div>
      </div>
    </div>
  </div>
</div>
`;
