// Jest Snapshot v1, https://goo.gl/fbAQLP

exports[`Icon component should render an icon 1`] = `
.c0 {
  font-size: 64px;
}

<div>
  <span
    class="wi wi test c0"
  />
</div>
`;
