// Jest Snapshot v1, https://goo.gl/fbAQLP

exports[`Icon component renders 1`] = `
.emotion-0 {
  font-size: 64px;
}

<span
  className="wi wi test emotion-0"
  size="xl"
/>
`;
