// Jest Snapshot v1, https://goo.gl/fbAQLP

exports[`Loader Component renders 1`] = `
.emotion-0 {
  margin: 40px auto;
  width: 40px;
  height: 40px;
  position: relative;
}

.emotion-0 .sk-child {
  width: 100%;
  height: 100%;
  position: absolute;
  left: 0;
  top: 0;
}

.emotion-0 .sk-child:before {
  content: '';
  display: block;
  margin: 0 auto;
  width: 15%;
  height: 15%;
  background-color: #333;
  border-radius: 100%;
  -webkit-animation: sk-circleBounceDelay 1.2s infinite ease-in-out both;
  animation: sk-circleBounceDelay 1.2s infinite ease-in-out both;
}

.emotion-0 .sk-circle2 {
  -webkit-transform: rotate(30deg);
  -ms-transform: rotate(30deg);
  transform: rotate(30deg);
}

.emotion-0 .sk-circle3 {
  -webkit-transform: rotate(60deg);
  -ms-transform: rotate(60deg);
  transform: rotate(60deg);
}

.emotion-0 .sk-circle4 {
  -webkit-transform: rotate(90deg);
  -ms-transform: rotate(90deg);
  transform: rotate(90deg);
}

.emotion-0 .sk-circle5 {
  -webkit-transform: rotate(120deg);
  -ms-transform: rotate(120deg);
  transform: rotate(120deg);
}

.emotion-0 .sk-circle6 {
  -webkit-transform: rotate(150deg);
  -ms-transform: rotate(150deg);
  transform: rotate(150deg);
}

.emotion-0 .sk-circle7 {
  -webkit-transform: rotate(180deg);
  -ms-transform: rotate(180deg);
  transform: rotate(180deg);
}

.emotion-0 .sk-circle8 {
  -webkit-transform: rotate(210deg);
  -ms-transform: rotate(210deg);
  transform: rotate(210deg);
}

.emotion-0 .sk-circle9 {
  -webkit-transform: rotate(240deg);
  -ms-transform: rotate(240deg);
  transform: rotate(240deg);
}

.emotion-0 .sk-circle10 {
  -webkit-transform: rotate(270deg);
  -ms-transform: rotate(270deg);
  transform: rotate(270deg);
}

.emotion-0 .sk-circle11 {
  -webkit-transform: rotate(300deg);
  -ms-transform: rotate(300deg);
  transform: rotate(300deg);
}

.emotion-0 .sk-circle12 {
  -webkit-transform: rotate(330deg);
  -ms-transform: rotate(330deg);
  transform: rotate(330deg);
}

.emotion-0 .sk-circle2:before {
  -webkit-animation-delay: -1.1s;
  animation-delay: -1.1s;
}

.emotion-0 .sk-circle3:before {
  -webkit-animation-delay: -1s;
  animation-delay: -1s;
}

.emotion-0 .sk-circle4:before {
  -webkit-animation-delay: -0.9s;
  animation-delay: -0.9s;
}

.emotion-0 .sk-circle5:before {
  -webkit-animation-delay: -0.8s;
  animation-delay: -0.8s;
}

.emotion-0 .sk-circle6:before {
  -webkit-animation-delay: -0.7s;
  animation-delay: -0.7s;
}

.emotion-0 .sk-circle7:before {
  -webkit-animation-delay: -0.6s;
  animation-delay: -0.6s;
}

.emotion-0 .sk-circle8:before {
  -webkit-animation-delay: -0.5s;
  animation-delay: -0.5s;
}

.emotion-0 .sk-circle9:before {
  -webkit-animation-delay: -0.4s;
  animation-delay: -0.4s;
}

.emotion-0 .sk-circle10:before {
  -webkit-animation-delay: -0.3s;
  animation-delay: -0.3s;
}

.emotion-0 .sk-circle11:before {
  -webkit-animation-delay: -0.2s;
  animation-delay: -0.2s;
}

.emotion-0 .sk-circle12:before {
  -webkit-animation-delay: -0.1s;
  animation-delay: -0.1s;
}

@-webkit-keyframes sk-circleBounceDelay {
  0%, 80%, 100% {
    -webkit-transform: scale(0);
    -ms-transform: scale(0);
    transform: scale(0);
  }

  40% {
    -webkit-transform: scale(1);
    -ms-transform: scale(1);
    transform: scale(1);
  }
}

@keyframes sk-circleBounceDelay {
  0%, 80%, 100% {
    -webkit-transform: scale(0);
    -ms-transform: scale(0);
    transform: scale(0);
  }

  40% {
    -webkit-transform: scale(1);
    -ms-transform: scale(1);
    transform: scale(1);
  }
}

<div
  className="emotion-0"
>
  <div
    className="sk-circle1 sk-child"
  />
  <div
    className="sk-circle2 sk-child"
  />
  <div
    className="sk-circle3 sk-child"
  />
  <div
    className="sk-circle4 sk-child"
  />
  <div
    className="sk-circle5 sk-child"
  />
  <div
    className="sk-circle6 sk-child"
  />
  <div
    className="sk-circle7 sk-child"
  />
  <div
    className="sk-circle8 sk-child"
  />
  <div
    className="sk-circle9 sk-child"
  />
  <div
    className="sk-circle10 sk-child"
  />
  <div
    className="sk-circle11 sk-child"
  />
  <div
    className="sk-circle12 sk-child"
  />
</div>
`;
