// Jest Snapshot v1, https://goo.gl/fbAQLP

exports[`Weather Widget Snapshot renders 1`] = `
<div
  className={undefined}
>
  <form
    onSubmit={[Function]}
  >
    <div
      aria-describedby={undefined}
      aria-label="Enter city name"
      className="MuiFormControl-root-1 css-e8diyq"
    >
      <label
        className="MuiFormLabel-root-10 MuiInputLabel-root-5 MuiInputLabel-formControl-6 MuiInputLabel-animated-9"
        data-shrink={false}
        htmlFor={undefined}
      >
        Enter city name
      </label>
      <div
        className="MuiInput-root-15 MuiInput-formControl-16 MuiInput-underline-19"
      >
        <input
          aria-invalid={false}
          aria-required={false}
          autoComplete={undefined}
          autoFocus={undefined}
          className="MuiInput-input-23"
          defaultValue={undefined}
          disabled={false}
          id={undefined}
          name={undefined}
          onBlur={[Function]}
          onChange={[Function]}
          onFocus={[Function]}
          onKeyDown={undefined}
          onKeyUp={undefined}
          placeholder="Enter city name"
          readOnly={undefined}
          required={undefined}
          rows={undefined}
          type="text"
          value={undefined}
        />
      </div>
    </div>
    <button
      className="MuiButtonBase-root-52 MuiButton-root-28 MuiButton-contained-37 MuiButton-containedPrimary-38 MuiButton-raised-40 MuiButton-raisedPrimary-41"
      disabled={false}
      onBlur={[Function]}
      onFocus={[Function]}
      onKeyDown={[Function]}
      onKeyUp={[Function]}
      onMouseDown={[Function]}
      onMouseLeave={[Function]}
      onMouseUp={[Function]}
      onTouchEnd={[Function]}
      onTouchMove={[Function]}
      onTouchStart={[Function]}
      tabIndex="0"
      type="submit"
    >
      <span
        className="MuiButton-label-29"
      >
        Submit Data
      </span>
      <span
        className="MuiTouchRipple-root-55"
      />
    </button>
  </form>
</div>
`;
